ssh -p 22 user@example.com 'bash -se' << \EOF-SPATIE-SSH
export COLUMNS=50
cd /home/forge/test-path
test
EOF-SPATIE-SSH
